  b4    qkv           [256, 384, 1152] -> 9315d8af1cb2a5466f603b70
  b4    attn_out       [256, 384, 384] -> a1f385b8f8f0e8caf32815f1
  b4    ffn_up        [256, 384, 1536] -> 8a0c368432501953a5ee6e49
  b4    ffn_down      [256, 1536, 384] -> df8fb782d46515902a0ae7f7
  b16   qkv          [1024, 384, 1152] -> e80b57612c570c353c377dbb
  b16   attn_out      [1024, 384, 384] -> 9698fd0baf97e2fc867d92e5
  b16   ffn_up       [1024, 384, 1536] -> 8ca1e1acf9141e7091b04f62
  b16   ffn_down     [1024, 1536, 384] -> 221eff443b4f3806946d451a
  b32   qkv          [2048, 384, 1152] -> 18fefadb2c1f20b691498313
  b32   attn_out      [2048, 384, 384] -> 4bebf91a85f694336b7d00e3
  b32   ffn_up       [2048, 384, 1536] -> 18d43a3bdaa4a3111614dcea
  b32   ffn_down     [2048, 1536, 384] -> d537f80f9e4071a6f888444a
  b128  qkv          [8192, 384, 1152] -> 3d5abe238a7654086066a152
  b128  attn_out      [8192, 384, 384] -> ce77bfd7883fab82fbc45d1b
  b128  ffn_up       [8192, 384, 1536] -> e87315529765e25490ad364a
  b128  ffn_down     [8192, 1536, 384] -> 7ac3fb7adaa49da5a9e8d732
  identity qkv@b128 vs qkv@b4    75 differing bytes  OK
  identity qkv@b128 vs attn_out@b4    76 differing bytes  OK
  identity qkv@b128 vs ffn_up@b4    75 differing bytes  OK
  identity qkv@b128 vs ffn_down@b4    76 differing bytes  OK
  identity qkv@b128 vs qkv@b16   69 differing bytes  OK
  identity qkv@b128 vs attn_out@b16   71 differing bytes  OK
  identity qkv@b128 vs ffn_up@b16   75 differing bytes  OK
  identity qkv@b128 vs ffn_down@b16   69 differing bytes  OK
  identity qkv@b128 vs qkv@b32   70 differing bytes  OK
  identity qkv@b128 vs attn_out@b32   75 differing bytes  OK
  identity qkv@b128 vs ffn_up@b32   70 differing bytes  OK
  identity qkv@b128 vs ffn_down@b32   65 differing bytes  OK
  identity qkv@b128 vs attn_out@b128  74 differing bytes  OK
  identity qkv@b128 vs ffn_up@b128  70 differing bytes  OK
  identity qkv@b128 vs ffn_down@b128  70 differing bytes  OK

  wrote runtime\artifacts_int8_mini\gemm_rtp -- ONE xclbin, 16 streams (4 shapes x 4 batch tiers)
