
=== CPU ===
Warning: You are sending unauthenticated requests to the HF Hub. Please set a HF_TOKEN to enable higher rate limits and faster downloads.
Loading weights:   0%|          | 0/136 [00:00<?, ?it/s]Loading weights: 100%|##########| 136/136 [00:00<00:00, 1981.63it/s]
[transformers] [1mNewModel LOAD REPORT[0m from: C:\Users\vegar\Documents\GitHub\NpuEmbeddings\models\gte-multilingual-base
Key               | Status     |  | 
------------------+------------+--+-
classifier.weight | UNEXPECTED |  | 
classifier.bias   | UNEXPECTED |  | 

Notes:
- UNEXPECTED:	can be ignored when loading from different task/architecture; not ok if you expect identical arch.
  [cpu] gte rotary+position_ids repaired, fp32 verified (tasks/0134 L1+L2)
C:\Users\vegar\Documents\GitHub\NpuEmbeddings\experiments\m8-npu-vs-cpu\run_mteb.py:234: DeprecationWarning: MTEB is deprecated and will be removed in future versions. Please use the `mteb.evaluate` function instead.
  ev = mteb.MTEB(tasks=tasks)
C:\Users\vegar\Documents\GitHub\NpuEmbeddings\.venv-ref\Lib\site-packages\mteb\models\model_meta.py:918: FutureWarning: The `get_sentence_embedding_dimension` method has been renamed to `get_embedding_dimension`.
  embedding_dimensions = model.get_sentence_embedding_dimension()
C:\Users\vegar\Documents\GitHub\NpuEmbeddings\.venv-ref\Lib\site-packages\mteb\models\model_meta.py:880: FutureWarning: The `get_sentence_embedding_dimension` method has been renamed to `get_embedding_dimension`.
  embed_dim=model.get_sentence_embedding_dimension(),
[transformers] Detected the usage of `get_extended_attention_mask`: This function is deprecated and will be removed in v5.12.0. Please use the new API in `transformers.masking_utils`
  STS17                            0.8259   (98.6 s)
C:\Users\vegar\Documents\GitHub\NpuEmbeddings\experiments\m8-npu-vs-cpu\run_mteb.py:234: DeprecationWarning: MTEB is deprecated and will be removed in future versions. Please use the `mteb.evaluate` function instead.
  ev = mteb.MTEB(tasks=tasks)
C:\Users\vegar\Documents\GitHub\NpuEmbeddings\.venv-ref\Lib\site-packages\mteb\models\model_meta.py:918: FutureWarning: The `get_sentence_embedding_dimension` method has been renamed to `get_embedding_dimension`.
  embedding_dimensions = model.get_sentence_embedding_dimension()
C:\Users\vegar\Documents\GitHub\NpuEmbeddings\.venv-ref\Lib\site-packages\mteb\models\model_meta.py:880: FutureWarning: The `get_sentence_embedding_dimension` method has been renamed to `get_embedding_dimension`.
  embed_dim=model.get_sentence_embedding_dimension(),
  STS22.v2                         0.6033   (192.1 s)

=== NPU ===
[transformers] You are using a model of type `new` to instantiate a model of type ``. This may be expected if you are loading a checkpoint that shares a subset of the architecture (e.g., loading a `sam2_video` checkpoint into `Sam2Model`), but is otherwise not supported and can yield errors. Please verify that the checkpoint is compatible with the model you are instantiating.
[transformers] PreTrainedConfig got `key=rope_scaling` in kwargs but hasn't set it as attribute. For RoPE standardization you need to set `self.rope_parameters` in model's config. 
[transformers] Missing validation function in 'RotaryEmbeddingConfigMixin' for 'rope_type'='ntk'
C:\Users\vegar\Documents\GitHub\NpuEmbeddings\experiments\m8-npu-vs-cpu\run_mteb.py:234: DeprecationWarning: MTEB is deprecated and will be removed in future versions. Please use the `mteb.evaluate` function instead.
  ev = mteb.MTEB(tasks=tasks)
  STS17                            0.8259   (81.5 s)
C:\Users\vegar\Documents\GitHub\NpuEmbeddings\experiments\m8-npu-vs-cpu\run_mteb.py:234: DeprecationWarning: MTEB is deprecated and will be removed in future versions. Please use the `mteb.evaluate` function instead.
  ev = mteb.MTEB(tasks=tasks)
  STS22.v2                         0.6031   (83.1 s)

================ M8 GATE ================
  task                                  CPU      NPU    delta
  STS17                               82.59    82.59    +0.00
  STS22.v2                            60.33    60.31    -0.02
  MEAN                                                  -0.01
  worst single task: -0.02 points

PASS -- gate is |mean| <= 0.5 points AND no task worse than -0.5
wrote tasks\0137-gte-gates\mteb_gte_multilingual.json
