  qkv@b4: purged 1 cache candidate(s)
  b4    qkv           [256, 384, 1152] -> f494d552c0c442b6c546eaf9
  attn_out@b4: purged 1 cache candidate(s)
  b4    attn_out       [256, 384, 384] -> abf713c4b91a702ac6c4a735
  ffn_up@b4: purged 1 cache candidate(s)
  b4    ffn_up        [256, 384, 1536] -> 865b1813d11d09f36fa82e45
  ffn_down@b4: purged 1 cache candidate(s)
  b4    ffn_down      [256, 1536, 384] -> 8e104b9e80235ad68a16a299
  qkv@b16: purged 1 cache candidate(s)
  b16   qkv          [1024, 384, 1152] -> 01c3868c8b8817e7cf296d24
  attn_out@b16: purged 1 cache candidate(s)
  b16   attn_out      [1024, 384, 384] -> e6d08c1c26e9689f9b198a14
  ffn_up@b16: purged 1 cache candidate(s)
  b16   ffn_up       [1024, 384, 1536] -> 8cee923df1e7cfc836ce4f2f
  ffn_down@b16: purged 1 cache candidate(s)
  b16   ffn_down     [1024, 1536, 384] -> 206060ecfc3442d78588bc44
  qkv@b32: purged 1 cache candidate(s)
  b32   qkv          [2048, 384, 1152] -> 0092f872ecd832ab470744ac
  attn_out@b32: purged 1 cache candidate(s)
  b32   attn_out      [2048, 384, 384] -> 1cd622aba571f0653d29315e
  ffn_up@b32: purged 1 cache candidate(s)
  b32   ffn_up       [2048, 384, 1536] -> 5feda4728fbfff64d5030d03
  ffn_down@b32: purged 1 cache candidate(s)
  b32   ffn_down     [2048, 1536, 384] -> bd249a8d96c59120b3a404e6
  qkv@b128: purged 1 cache candidate(s)
  b128  qkv          [8192, 384, 1152] -> 5ecbb3a4d92a4174c6985dba
  attn_out@b128: purged 1 cache candidate(s)
  b128  attn_out      [8192, 384, 384] -> 323e19399cbd2d7bfb67aeee
  ffn_up@b128: purged 1 cache candidate(s)
  b128  ffn_up       [8192, 384, 1536] -> afc71bda6566ac76b32a8e59
  ffn_down@b128: purged 1 cache candidate(s)
  b128  ffn_down     [8192, 1536, 384] -> a3d07fdc6e3ad609496da1c1
  identity qkv@b128 vs qkv@b4    68 differing bytes  OK
  identity qkv@b128 vs attn_out@b4    75 differing bytes  OK
  identity qkv@b128 vs ffn_up@b4    70 differing bytes  OK
  identity qkv@b128 vs ffn_down@b4    70 differing bytes  OK
  identity qkv@b128 vs qkv@b16   68 differing bytes  OK
  identity qkv@b128 vs attn_out@b16   71 differing bytes  OK
  identity qkv@b128 vs ffn_up@b16   70 differing bytes  OK
  identity qkv@b128 vs ffn_down@b16   71 differing bytes  OK
  identity qkv@b128 vs qkv@b32   72 differing bytes  OK
  identity qkv@b128 vs attn_out@b32   73 differing bytes  OK
  identity qkv@b128 vs ffn_up@b32   74 differing bytes  OK
  identity qkv@b128 vs ffn_down@b32   67 differing bytes  OK
  identity qkv@b128 vs attn_out@b128  70 differing bytes  OK
  identity qkv@b128 vs ffn_up@b128  75 differing bytes  OK
  identity qkv@b128 vs ffn_down@b128  74 differing bytes  OK

  wrote runtime\artifacts_minilm_bfp16\gemm_rtp -- ONE xclbin, 16 streams (4 shapes x 4 batch tiers)
