  qkv@b4: purged 1 cache candidate(s)
  b4    qkv           [256, 768, 1536] -> 38f2fc6219aa9d44cf7eca55
  attn_out@b4: purged 1 cache candidate(s)
  b4    attn_out       [256, 768, 768] -> ee81799cdd901c96edf46f12
  ffn_up@b4: purged 1 cache candidate(s)
  b4    ffn_up        [256, 768, 2304] -> 27f91aec7950240f3d3d5d32
  ffn_down@b4: purged 1 cache candidate(s)
  b4    ffn_down      [256, 1152, 768] -> 53f3124d2d0fc4589af2e8cc
  qkv@b16: purged 1 cache candidate(s)
  b16   qkv          [1024, 768, 1536] -> 1f248289d0900801b96b78b9
  attn_out@b16: purged 1 cache candidate(s)
  b16   attn_out      [1024, 768, 768] -> 9494e691024beaa9dc576950
  ffn_up@b16: purged 1 cache candidate(s)
  b16   ffn_up       [1024, 768, 2304] -> 9d9f5f43aef275b837a4de19
  ffn_down@b16: purged 1 cache candidate(s)
  b16   ffn_down     [1024, 1152, 768] -> c6c43fd77acef37f520f9b4a
  qkv@b32: purged 1 cache candidate(s)
  b32   qkv          [2048, 768, 1536] -> 0cb95eabf316fe1439b4db82
  attn_out@b32: purged 1 cache candidate(s)
  b32   attn_out      [2048, 768, 768] -> 3bd45580a4a7489323252fc8
  ffn_up@b32: purged 1 cache candidate(s)
  b32   ffn_up       [2048, 768, 2304] -> f95e6247832c7a8cff0145b5
  ffn_down@b32: purged 1 cache candidate(s)
  b32   ffn_down     [2048, 1152, 768] -> 9f9ae1a9fc8857eb9a41aa5a
  qkv@b128: purged 1 cache candidate(s)
  b128  qkv          [8192, 768, 1536] -> 25b8fb9ad0491ec0c22096fd
  attn_out@b128: purged 1 cache candidate(s)
  b128  attn_out      [8192, 768, 768] -> 3720a0e9f5240397847c7764
  ffn_up@b128: purged 1 cache candidate(s)
  b128  ffn_up       [8192, 768, 2304] -> b34b969d566eb7cd79e1527f
  ffn_down@b128: purged 1 cache candidate(s)
  b128  ffn_down     [8192, 1152, 768] -> e12c97193b1eac24578c0d8c
  identity qkv@b128 vs qkv@b4    71 differing bytes  OK
  identity qkv@b128 vs attn_out@b4    77 differing bytes  OK
  identity qkv@b128 vs ffn_up@b4    77 differing bytes  OK
  identity qkv@b128 vs ffn_down@b4    70 differing bytes  OK
  identity qkv@b128 vs qkv@b16   79 differing bytes  OK
  identity qkv@b128 vs attn_out@b16   68 differing bytes  OK
  identity qkv@b128 vs ffn_up@b16   69 differing bytes  OK
  identity qkv@b128 vs ffn_down@b16   69 differing bytes  OK
  identity qkv@b128 vs qkv@b32   69 differing bytes  OK
  identity qkv@b128 vs attn_out@b32   70 differing bytes  OK
  identity qkv@b128 vs ffn_up@b32   69 differing bytes  OK
  identity qkv@b128 vs ffn_down@b32   70 differing bytes  OK
  identity qkv@b128 vs attn_out@b128  66 differing bytes  OK
  identity qkv@b128 vs ffn_up@b128  71 differing bytes  OK
  identity qkv@b128 vs ffn_down@b128  67 differing bytes  OK

  wrote runtime\artifacts_gemma_bfp16\gemm_rtp -- ONE xclbin, 16 streams (4 shapes x 4 batch tiers)
