
=== CPU ===
python.exe : 
At line:1 char:390
+ ... Embeddings; & ".\.venv-ref\Scripts\python.exe" experiments\m8-npu-vs- ...
+                 ~~~~~~~~~~~~~~~~~~~~~~~~~~~~~~~~~~~~~~~~~~~~~~~~~~~~~~~~~
    + CategoryInfo          : NotSpecified: (:String) [], RemoteException
    + FullyQualifiedErrorId : NativeCommandError
 
Loading weights:   0%|          | 0/199 [00:00<?, ?it/s]
Loading weights: 100%|██████████| 199/199 [00:00<00:00, 16661.01it/s]
C:\Users\vegar\Documents\GitHub\NpuEmbeddings\experiments\m8-npu-vs-cpu\run_mteb.py:186: DeprecationWarning: MTEB is 
deprecated and will be removed in future versions. Please use the `mteb.evaluate` function instead.
  ev = mteb.MTEB(tasks=tasks)
C:\Users\vegar\Documents\GitHub\NpuEmbeddings\.venv-ref\Lib\site-packages\mteb\models\model_meta.py:918: 
FutureWarning: The `get_sentence_embedding_dimension` method has been renamed to `get_embedding_dimension`.
  embedding_dimensions = model.get_sentence_embedding_dimension()
C:\Users\vegar\Documents\GitHub\NpuEmbeddings\.venv-ref\Lib\site-packages\mteb\models\model_meta.py:880: 
FutureWarning: The `get_sentence_embedding_dimension` method has been renamed to `get_embedding_dimension`.
  embed_dim=model.get_sentence_embedding_dimension(),
The task 'STSBenchmark' is superseded by 'STSBenchmark.v2'. We recommend using the newer version of the task unless 
you are running a specific benchmark. See `get_task('STSBenchmark.v2').metadata.description` to get a description of 
the task and changes.
C:\Users\vegar\Documents\GitHub\NpuEmbeddings\.venv-ref\Lib\site-packages\mteb\deprecated_evaluator.py:456: 
UserWarning: The task 'STSBenchmark' is superseded by 'STSBenchmark.v2'. We recommend using the newer version of the 
task unless you are running a specific benchmark. See `get_task('STSBenchmark.v2').metadata.description` to get a 
description of the task and changes.
  task.check_if_dataset_is_superseded()
Warning: You are sending unauthenticated requests to the HF Hub. Please set a HF_TOKEN to enable higher rate limits 
and faster downloads.
  STSBenchmark                     0.8642   (17.2 s)
C:\Users\vegar\Documents\GitHub\NpuEmbeddings\experiments\m8-npu-vs-cpu\run_mteb.py:186: DeprecationWarning: MTEB is 
deprecated and will be removed in future versions. Please use the `mteb.evaluate` function instead.
  ev = mteb.MTEB(tasks=tasks)
C:\Users\vegar\Documents\GitHub\NpuEmbeddings\.venv-ref\Lib\site-packages\mteb\models\model_meta.py:918: 
FutureWarning: The `get_sentence_embedding_dimension` method has been renamed to `get_embedding_dimension`.
  embedding_dimensions = model.get_sentence_embedding_dimension()
C:\Users\vegar\Documents\GitHub\NpuEmbeddings\.venv-ref\Lib\site-packages\mteb\models\model_meta.py:880: 
FutureWarning: The `get_sentence_embedding_dimension` method has been renamed to `get_embedding_dimension`.
  embed_dim=model.get_sentence_embedding_dimension(),
  SICK-R                           0.8030   (86.7 s)
C:\Users\vegar\Documents\GitHub\NpuEmbeddings\experiments\m8-npu-vs-cpu\run_mteb.py:186: DeprecationWarning: MTEB is 
deprecated and will be removed in future versions. Please use the `mteb.evaluate` function instead.
  ev = mteb.MTEB(tasks=tasks)
C:\Users\vegar\Documents\GitHub\NpuEmbeddings\.venv-ref\Lib\site-packages\mteb\models\model_meta.py:918: 
FutureWarning: The `get_sentence_embedding_dimension` method has been renamed to `get_embedding_dimension`.
  embedding_dimensions = model.get_sentence_embedding_dimension()
C:\Users\vegar\Documents\GitHub\NpuEmbeddings\.venv-ref\Lib\site-packages\mteb\models\model_meta.py:880: 
FutureWarning: The `get_sentence_embedding_dimension` method has been renamed to `get_embedding_dimension`.
  embed_dim=model.get_sentence_embedding_dimension(),
  STS12                            0.7803   (40.0 s)
C:\Users\vegar\Documents\GitHub\NpuEmbeddings\experiments\m8-npu-vs-cpu\run_mteb.py:186: DeprecationWarning: MTEB is 
deprecated and will be removed in future versions. Please use the `mteb.evaluate` function instead.
  ev = mteb.MTEB(tasks=tasks)
C:\Users\vegar\Documents\GitHub\NpuEmbeddings\.venv-ref\Lib\site-packages\mteb\models\model_meta.py:918: 
FutureWarning: The `get_sentence_embedding_dimension` method has been renamed to `get_embedding_dimension`.
  embedding_dimensions = model.get_sentence_embedding_dimension()
C:\Users\vegar\Documents\GitHub\NpuEmbeddings\.venv-ref\Lib\site-packages\mteb\models\model_meta.py:880: 
FutureWarning: The `get_sentence_embedding_dimension` method has been renamed to `get_embedding_dimension`.
  embed_dim=model.get_sentence_embedding_dimension(),
The task 'Banking77Classification' is superseded by 'Banking77Classification.v2'. We recommend using the newer version 
of the task unless you are running a specific benchmark. See 
`get_task('Banking77Classification.v2').metadata.description` to get a description of the task and changes.
C:\Users\vegar\Documents\GitHub\NpuEmbeddings\.venv-ref\Lib\site-packages\mteb\deprecated_evaluator.py:456: 
UserWarning: The task 'Banking77Classification' is superseded by 'Banking77Classification.v2'. We recommend using the 
newer version of the task unless you are running a specific benchmark. See 
`get_task('Banking77Classification.v2').metadata.description` to get a description of the task and changes.
  task.check_if_dataset_is_superseded()
  Banking77Classification          0.8398   (54.6 s)
C:\Users\vegar\Documents\GitHub\NpuEmbeddings\experiments\m8-npu-vs-cpu\run_mteb.py:186: DeprecationWarning: MTEB is 
deprecated and will be removed in future versions. Please use the `mteb.evaluate` function instead.
  ev = mteb.MTEB(tasks=tasks)
C:\Users\vegar\Documents\GitHub\NpuEmbeddings\.venv-ref\Lib\site-packages\mteb\models\model_meta.py:918: 
FutureWarning: The `get_sentence_embedding_dimension` method has been renamed to `get_embedding_dimension`.
  embedding_dimensions = model.get_sentence_embedding_dimension()
C:\Users\vegar\Documents\GitHub\NpuEmbeddings\.venv-ref\Lib\site-packages\mteb\models\model_meta.py:880: 
FutureWarning: The `get_sentence_embedding_dimension` method has been renamed to `get_embedding_dimension`.
  embed_dim=model.get_sentence_embedding_dimension(),
The task 'TwentyNewsgroupsClustering' is superseded by 'TwentyNewsgroupsClustering.v2'. We recommend using the newer 
version of the task unless you are running a specific benchmark. See 
`get_task('TwentyNewsgroupsClustering.v2').metadata.description` to get a description of the task and changes.
C:\Users\vegar\Documents\GitHub\NpuEmbeddings\.venv-ref\Lib\site-packages\mteb\deprecated_evaluator.py:456: 
UserWarning: The task 'TwentyNewsgroupsClustering' is superseded by 'TwentyNewsgroupsClustering.v2'. We recommend 
using the newer version of the task unless you are running a specific benchmark. See 
`get_task('TwentyNewsgroupsClustering.v2').metadata.description` to get a description of the task and changes.
  task.check_if_dataset_is_superseded()
  TwentyNewsgroupsClustering       0.5058   (294.4 s)

=== NPU ===
C:\Users\vegar\Documents\GitHub\NpuEmbeddings\experiments\m8-npu-vs-cpu\run_mteb.py:186: DeprecationWarning: MTEB is 
deprecated and will be removed in future versions. Please use the `mteb.evaluate` function instead.
  ev = mteb.MTEB(tasks=tasks)
The task 'STSBenchmark' is superseded by 'STSBenchmark.v2'. We recommend using the newer version of the task unless 
you are running a specific benchmark. See `get_task('STSBenchmark.v2').metadata.description` to get a description of 
the task and changes.
C:\Users\vegar\Documents\GitHub\NpuEmbeddings\.venv-ref\Lib\site-packages\mteb\deprecated_evaluator.py:456: 
UserWarning: The task 'STSBenchmark' is superseded by 'STSBenchmark.v2'. We recommend using the newer version of the 
task unless you are running a specific benchmark. See `get_task('STSBenchmark.v2').metadata.description` to get a 
description of the task and changes.
  task.check_if_dataset_is_superseded()
  STSBenchmark                     0.8641   (17.3 s)
C:\Users\vegar\Documents\GitHub\NpuEmbeddings\experiments\m8-npu-vs-cpu\run_mteb.py:186: DeprecationWarning: MTEB is 
deprecated and will be removed in future versions. Please use the `mteb.evaluate` function instead.
  ev = mteb.MTEB(tasks=tasks)
  SICK-R                           0.8029   (107.5 s)
C:\Users\vegar\Documents\GitHub\NpuEmbeddings\experiments\m8-npu-vs-cpu\run_mteb.py:186: DeprecationWarning: MTEB is 
deprecated and will be removed in future versions. Please use the `mteb.evaluate` function instead.
  ev = mteb.MTEB(tasks=tasks)
  STS12                            0.7798   (60.6 s)
C:\Users\vegar\Documents\GitHub\NpuEmbeddings\experiments\m8-npu-vs-cpu\run_mteb.py:186: DeprecationWarning: MTEB is 
deprecated and will be removed in future versions. Please use the `mteb.evaluate` function instead.
  ev = mteb.MTEB(tasks=tasks)
The task 'Banking77Classification' is superseded by 'Banking77Classification.v2'. We recommend using the newer version 
of the task unless you are running a specific benchmark. See 
`get_task('Banking77Classification.v2').metadata.description` to get a description of the task and changes.
C:\Users\vegar\Documents\GitHub\NpuEmbeddings\.venv-ref\Lib\site-packages\mteb\deprecated_evaluator.py:456: 
UserWarning: The task 'Banking77Classification' is superseded by 'Banking77Classification.v2'. We recommend using the 
newer version of the task unless you are running a specific benchmark. See 
`get_task('Banking77Classification.v2').metadata.description` to get a description of the task and changes.
  task.check_if_dataset_is_superseded()
  Banking77Classification          0.8393   (53.5 s)
C:\Users\vegar\Documents\GitHub\NpuEmbeddings\experiments\m8-npu-vs-cpu\run_mteb.py:186: DeprecationWarning: MTEB is 
deprecated and will be removed in future versions. Please use the `mteb.evaluate` function instead.
  ev = mteb.MTEB(tasks=tasks)
The task 'TwentyNewsgroupsClustering' is superseded by 'TwentyNewsgroupsClustering.v2'. We recommend using the newer 
version of the task unless you are running a specific benchmark. See 
`get_task('TwentyNewsgroupsClustering.v2').metadata.description` to get a description of the task and changes.
C:\Users\vegar\Documents\GitHub\NpuEmbeddings\.venv-ref\Lib\site-packages\mteb\deprecated_evaluator.py:456: 
UserWarning: The task 'TwentyNewsgroupsClustering' is superseded by 'TwentyNewsgroupsClustering.v2'. We recommend 
using the newer version of the task unless you are running a specific benchmark. See 
`get_task('TwentyNewsgroupsClustering.v2').metadata.description` to get a description of the task and changes.
  task.check_if_dataset_is_superseded()
  TwentyNewsgroupsClustering       0.5038   (350.5 s)

================ M8 GATE ================
  task                                  CPU      NPU    delta
  STSBenchmark                        86.42    86.41    -0.01
  SICK-R                              80.30    80.29    -0.02
  STS12                               78.03    77.98    -0.04
  Banking77Classification             83.98    83.93    -0.06
  TwentyNewsgroupsClustering          50.58    50.38    -0.19
  MEAN                                                  -0.06
  worst single task: -0.19 points

PASS -- gate is |mean| <= 0.5 points AND no task worse than -0.5
wrote tasks\0101-t23-bfp16-gates-on-1.4.2\mteb_base_bfp_cbf16_realgate.json
