
=== NPU ===
python.exe : C:\Users\vegar\Documents\GitHub\NpuEmbeddings\experiments\m8-npu-vs-cpu\run_mteb.py:186: 
DeprecationWarning: MTEB is deprecated and will be removed in future versions. Please use the `mteb.evaluate` function 
instead.
At line:1 char:390
+ ... Embeddings; & ".\.venv-ref\Scripts\python.exe" experiments\m8-npu-vs- ...
+                 ~~~~~~~~~~~~~~~~~~~~~~~~~~~~~~~~~~~~~~~~~~~~~~~~~~~~~~~~~
    + CategoryInfo          : NotSpecified: (C:\Users\vegar\...nction instead.:String) [], RemoteException
    + FullyQualifiedErrorId : NativeCommandError
 
  ev = mteb.MTEB(tasks=tasks)
The task 'STSBenchmark' is superseded by 'STSBenchmark.v2'. We recommend using the newer version of the task unless 
you are running a specific benchmark. See `get_task('STSBenchmark.v2').metadata.description` to get a description of 
the task and changes.
C:\Users\vegar\Documents\GitHub\NpuEmbeddings\.venv-ref\Lib\site-packages\mteb\deprecated_evaluator.py:456: 
UserWarning: The task 'STSBenchmark' is superseded by 'STSBenchmark.v2'. We recommend using the newer version of the 
task unless you are running a specific benchmark. See `get_task('STSBenchmark.v2').metadata.description` to get a 
description of the task and changes.
  task.check_if_dataset_is_superseded()
Warning: You are sending unauthenticated requests to the HF Hub. Please set a HF_TOKEN to enable higher rate limits 
and faster downloads.
  STSBenchmark                     0.8198   (6.1 s)
C:\Users\vegar\Documents\GitHub\NpuEmbeddings\experiments\m8-npu-vs-cpu\run_mteb.py:186: DeprecationWarning: MTEB is 
deprecated and will be removed in future versions. Please use the `mteb.evaluate` function instead.
  ev = mteb.MTEB(tasks=tasks)
  SICK-R                           0.7761   (29.8 s)
C:\Users\vegar\Documents\GitHub\NpuEmbeddings\experiments\m8-npu-vs-cpu\run_mteb.py:186: DeprecationWarning: MTEB is 
deprecated and will be removed in future versions. Please use the `mteb.evaluate` function instead.
  ev = mteb.MTEB(tasks=tasks)
  STS12                            0.7234   (33.6 s)
C:\Users\vegar\Documents\GitHub\NpuEmbeddings\experiments\m8-npu-vs-cpu\run_mteb.py:186: DeprecationWarning: MTEB is 
deprecated and will be removed in future versions. Please use the `mteb.evaluate` function instead.
  ev = mteb.MTEB(tasks=tasks)
The task 'Banking77Classification' is superseded by 'Banking77Classification.v2'. We recommend using the newer version 
of the task unless you are running a specific benchmark. See 
`get_task('Banking77Classification.v2').metadata.description` to get a description of the task and changes.
C:\Users\vegar\Documents\GitHub\NpuEmbeddings\.venv-ref\Lib\site-packages\mteb\deprecated_evaluator.py:456: 
UserWarning: The task 'Banking77Classification' is superseded by 'Banking77Classification.v2'. We recommend using the 
newer version of the task unless you are running a specific benchmark. See 
`get_task('Banking77Classification.v2').metadata.description` to get a description of the task and changes.
  task.check_if_dataset_is_superseded()
  Banking77Classification          0.8006   (24.1 s)
C:\Users\vegar\Documents\GitHub\NpuEmbeddings\experiments\m8-npu-vs-cpu\run_mteb.py:186: DeprecationWarning: MTEB is 
deprecated and will be removed in future versions. Please use the `mteb.evaluate` function instead.
  ev = mteb.MTEB(tasks=tasks)
The task 'TwentyNewsgroupsClustering' is superseded by 'TwentyNewsgroupsClustering.v2'. We recommend using the newer 
version of the task unless you are running a specific benchmark. See 
`get_task('TwentyNewsgroupsClustering.v2').metadata.description` to get a description of the task and changes.
C:\Users\vegar\Documents\GitHub\NpuEmbeddings\.venv-ref\Lib\site-packages\mteb\deprecated_evaluator.py:456: 
UserWarning: The task 'TwentyNewsgroupsClustering' is superseded by 'TwentyNewsgroupsClustering.v2'. We recommend 
using the newer version of the task unless you are running a specific benchmark. See 
`get_task('TwentyNewsgroupsClustering.v2').metadata.description` to get a description of the task and changes.
  task.check_if_dataset_is_superseded()
  TwentyNewsgroupsClustering       0.4648   (98.3 s)

================ M8 GATE ================
  task                                  CPU      NPU    delta
  STSBenchmark                           --       --       --
  SICK-R                                 --       --       --
  STS12                                  --       --       --
  Banking77Classification                --       --       --
  TwentyNewsgroupsClustering             --       --       --

NO GATE -- this run has no delta to gate on: cpu side(s) not run.
  The M8 gate is |mean delta| <= 0.5 AND no task worse than -0.5, both against the SAME checkpoint on CPU at the same sequence length. A single-side run measures absolute scores, which is not what this gate claims.
  Re-run with --sides cpu,npu in ONE session.
wrote tasks\0101-t23-bfp16-gates-on-1.4.2\mteb_minilm_bfp_fp32c.json
