
=== CPU ===
Loading weights:   0%|          | 0/103 [00:00<?, ?it/s]Loading weights: 100%|##########| 103/103 [00:00<00:00, 18485.81it/s]
C:\Users\vegar\Documents\GitHub\NpuEmbeddings\experiments\m8-npu-vs-cpu\run_mteb.py:186: DeprecationWarning: MTEB is deprecated and will be removed in future versions. Please use the `mteb.evaluate` function instead.
  ev = mteb.MTEB(tasks=tasks)
C:\Users\vegar\Documents\GitHub\NpuEmbeddings\.venv-ref\Lib\site-packages\mteb\models\model_meta.py:918: FutureWarning: The `get_sentence_embedding_dimension` method has been renamed to `get_embedding_dimension`.
  embedding_dimensions = model.get_sentence_embedding_dimension()
C:\Users\vegar\Documents\GitHub\NpuEmbeddings\.venv-ref\Lib\site-packages\mteb\models\model_meta.py:880: FutureWarning: The `get_sentence_embedding_dimension` method has been renamed to `get_embedding_dimension`.
  embed_dim=model.get_sentence_embedding_dimension(),
The task 'STSBenchmark' is superseded by 'STSBenchmark.v2'. We recommend using the newer version of the task unless you are running a specific benchmark. See `get_task('STSBenchmark.v2').metadata.description` to get a description of the task and changes.
C:\Users\vegar\Documents\GitHub\NpuEmbeddings\.venv-ref\Lib\site-packages\mteb\deprecated_evaluator.py:456: UserWarning: The task 'STSBenchmark' is superseded by 'STSBenchmark.v2'. We recommend using the newer version of the task unless you are running a specific benchmark. See `get_task('STSBenchmark.v2').metadata.description` to get a description of the task and changes.
  task.check_if_dataset_is_superseded()
Warning: You are sending unauthenticated requests to the HF Hub. Please set a HF_TOKEN to enable higher rate limits and faster downloads.
  STSBenchmark                     0.8203   (4.9 s)
C:\Users\vegar\Documents\GitHub\NpuEmbeddings\experiments\m8-npu-vs-cpu\run_mteb.py:186: DeprecationWarning: MTEB is deprecated and will be removed in future versions. Please use the `mteb.evaluate` function instead.
  ev = mteb.MTEB(tasks=tasks)
C:\Users\vegar\Documents\GitHub\NpuEmbeddings\.venv-ref\Lib\site-packages\mteb\models\model_meta.py:918: FutureWarning: The `get_sentence_embedding_dimension` method has been renamed to `get_embedding_dimension`.
  embedding_dimensions = model.get_sentence_embedding_dimension()
C:\Users\vegar\Documents\GitHub\NpuEmbeddings\.venv-ref\Lib\site-packages\mteb\models\model_meta.py:880: FutureWarning: The `get_sentence_embedding_dimension` method has been renamed to `get_embedding_dimension`.
  embed_dim=model.get_sentence_embedding_dimension(),
  SICK-R                           0.7758   (17.2 s)
C:\Users\vegar\Documents\GitHub\NpuEmbeddings\experiments\m8-npu-vs-cpu\run_mteb.py:186: DeprecationWarning: MTEB is deprecated and will be removed in future versions. Please use the `mteb.evaluate` function instead.
  ev = mteb.MTEB(tasks=tasks)
C:\Users\vegar\Documents\GitHub\NpuEmbeddings\.venv-ref\Lib\site-packages\mteb\models\model_meta.py:918: FutureWarning: The `get_sentence_embedding_dimension` method has been renamed to `get_embedding_dimension`.
  embedding_dimensions = model.get_sentence_embedding_dimension()
C:\Users\vegar\Documents\GitHub\NpuEmbeddings\.venv-ref\Lib\site-packages\mteb\models\model_meta.py:880: FutureWarning: The `get_sentence_embedding_dimension` method has been renamed to `get_embedding_dimension`.
  embed_dim=model.get_sentence_embedding_dimension(),
  STS12                            0.7237   (8.7 s)
C:\Users\vegar\Documents\GitHub\NpuEmbeddings\experiments\m8-npu-vs-cpu\run_mteb.py:186: DeprecationWarning: MTEB is deprecated and will be removed in future versions. Please use the `mteb.evaluate` function instead.
  ev = mteb.MTEB(tasks=tasks)
C:\Users\vegar\Documents\GitHub\NpuEmbeddings\.venv-ref\Lib\site-packages\mteb\models\model_meta.py:918: FutureWarning: The `get_sentence_embedding_dimension` method has been renamed to `get_embedding_dimension`.
  embedding_dimensions = model.get_sentence_embedding_dimension()
C:\Users\vegar\Documents\GitHub\NpuEmbeddings\.venv-ref\Lib\site-packages\mteb\models\model_meta.py:880: FutureWarning: The `get_sentence_embedding_dimension` method has been renamed to `get_embedding_dimension`.
  embed_dim=model.get_sentence_embedding_dimension(),
The task 'Banking77Classification' is superseded by 'Banking77Classification.v2'. We recommend using the newer version of the task unless you are running a specific benchmark. See `get_task('Banking77Classification.v2').metadata.description` to get a description of the task and changes.
C:\Users\vegar\Documents\GitHub\NpuEmbeddings\.venv-ref\Lib\site-packages\mteb\deprecated_evaluator.py:456: UserWarning: The task 'Banking77Classification' is superseded by 'Banking77Classification.v2'. We recommend using the newer version of the task unless you are running a specific benchmark. See `get_task('Banking77Classification.v2').metadata.description` to get a description of the task and changes.
  task.check_if_dataset_is_superseded()
  Banking77Classification          0.8005   (19.5 s)
C:\Users\vegar\Documents\GitHub\NpuEmbeddings\experiments\m8-npu-vs-cpu\run_mteb.py:186: DeprecationWarning: MTEB is deprecated and will be removed in future versions. Please use the `mteb.evaluate` function instead.
  ev = mteb.MTEB(tasks=tasks)
C:\Users\vegar\Documents\GitHub\NpuEmbeddings\.venv-ref\Lib\site-packages\mteb\models\model_meta.py:918: FutureWarning: The `get_sentence_embedding_dimension` method has been renamed to `get_embedding_dimension`.
  embedding_dimensions = model.get_sentence_embedding_dimension()
C:\Users\vegar\Documents\GitHub\NpuEmbeddings\.venv-ref\Lib\site-packages\mteb\models\model_meta.py:880: FutureWarning: The `get_sentence_embedding_dimension` method has been renamed to `get_embedding_dimension`.
  embed_dim=model.get_sentence_embedding_dimension(),
The task 'TwentyNewsgroupsClustering' is superseded by 'TwentyNewsgroupsClustering.v2'. We recommend using the newer version of the task unless you are running a specific benchmark. See `get_task('TwentyNewsgroupsClustering.v2').metadata.description` to get a description of the task and changes.
C:\Users\vegar\Documents\GitHub\NpuEmbeddings\.venv-ref\Lib\site-packages\mteb\deprecated_evaluator.py:456: UserWarning: The task 'TwentyNewsgroupsClustering' is superseded by 'TwentyNewsgroupsClustering.v2'. We recommend using the newer version of the task unless you are running a specific benchmark. See `get_task('TwentyNewsgroupsClustering.v2').metadata.description` to get a description of the task and changes.
  task.check_if_dataset_is_superseded()
  TwentyNewsgroupsClustering       0.4581   (62.0 s)

=== NPU ===
C:\Users\vegar\Documents\GitHub\NpuEmbeddings\experiments\m8-npu-vs-cpu\run_mteb.py:186: DeprecationWarning: MTEB is deprecated and will be removed in future versions. Please use the `mteb.evaluate` function instead.
  ev = mteb.MTEB(tasks=tasks)
The task 'STSBenchmark' is superseded by 'STSBenchmark.v2'. We recommend using the newer version of the task unless you are running a specific benchmark. See `get_task('STSBenchmark.v2').metadata.description` to get a description of the task and changes.
C:\Users\vegar\Documents\GitHub\NpuEmbeddings\.venv-ref\Lib\site-packages\mteb\deprecated_evaluator.py:456: UserWarning: The task 'STSBenchmark' is superseded by 'STSBenchmark.v2'. We recommend using the newer version of the task unless you are running a specific benchmark. See `get_task('STSBenchmark.v2').metadata.description` to get a description of the task and changes.
  task.check_if_dataset_is_superseded()
  STSBenchmark                     0.8195   (7.0 s)
C:\Users\vegar\Documents\GitHub\NpuEmbeddings\experiments\m8-npu-vs-cpu\run_mteb.py:186: DeprecationWarning: MTEB is deprecated and will be removed in future versions. Please use the `mteb.evaluate` function instead.
  ev = mteb.MTEB(tasks=tasks)
  SICK-R                           0.7757   (38.7 s)
C:\Users\vegar\Documents\GitHub\NpuEmbeddings\experiments\m8-npu-vs-cpu\run_mteb.py:186: DeprecationWarning: MTEB is deprecated and will be removed in future versions. Please use the `mteb.evaluate` function instead.
  ev = mteb.MTEB(tasks=tasks)
  STS12                            0.7224   (35.6 s)
C:\Users\vegar\Documents\GitHub\NpuEmbeddings\experiments\m8-npu-vs-cpu\run_mteb.py:186: DeprecationWarning: MTEB is deprecated and will be removed in future versions. Please use the `mteb.evaluate` function instead.
  ev = mteb.MTEB(tasks=tasks)
The task 'Banking77Classification' is superseded by 'Banking77Classification.v2'. We recommend using the newer version of the task unless you are running a specific benchmark. See `get_task('Banking77Classification.v2').metadata.description` to get a description of the task and changes.
C:\Users\vegar\Documents\GitHub\NpuEmbeddings\.venv-ref\Lib\site-packages\mteb\deprecated_evaluator.py:456: UserWarning: The task 'Banking77Classification' is superseded by 'Banking77Classification.v2'. We recommend using the newer version of the task unless you are running a specific benchmark. See `get_task('Banking77Classification.v2').metadata.description` to get a description of the task and changes.
  task.check_if_dataset_is_superseded()
  Banking77Classification          0.7992   (25.3 s)
C:\Users\vegar\Documents\GitHub\NpuEmbeddings\experiments\m8-npu-vs-cpu\run_mteb.py:186: DeprecationWarning: MTEB is deprecated and will be removed in future versions. Please use the `mteb.evaluate` function instead.
  ev = mteb.MTEB(tasks=tasks)
The task 'TwentyNewsgroupsClustering' is superseded by 'TwentyNewsgroupsClustering.v2'. We recommend using the newer version of the task unless you are running a specific benchmark. See `get_task('TwentyNewsgroupsClustering.v2').metadata.description` to get a description of the task and changes.
C:\Users\vegar\Documents\GitHub\NpuEmbeddings\.venv-ref\Lib\site-packages\mteb\deprecated_evaluator.py:456: UserWarning: The task 'TwentyNewsgroupsClustering' is superseded by 'TwentyNewsgroupsClustering.v2'. We recommend using the newer version of the task unless you are running a specific benchmark. See `get_task('TwentyNewsgroupsClustering.v2').metadata.description` to get a description of the task and changes.
  task.check_if_dataset_is_superseded()
  TwentyNewsgroupsClustering       0.4600   (256.8 s)

================ M8 GATE ================
  task                                  CPU      NPU    delta
  STSBenchmark                        82.03    81.95    -0.09
  SICK-R                              77.58    77.57    -0.01
  STS12                               72.37    72.24    -0.12
  Banking77Classification             80.05    79.92    -0.13
  TwentyNewsgroupsClustering          45.81    46.00    +0.20
  MEAN                                                  -0.03
  worst single task: -0.13 points

PASS -- gate is |mean| <= 0.5 points AND no task worse than -0.5
wrote tasks\0078-m13-int8-accuracy\mteb-int8.json
