  purged 1 cache candidate(s)
python : Traceback (most recent call last):
At line:1 char:515
+ ... Y_MEM_COL='1'; python -u hierarchical_merge_ffn_probe.py 2>&1 | Tee-O ...
+                    ~~~~~~~~~~~~~~~~~~~~~~~~~~~~~~~~~~~~~~~~~~~~~~
    + CategoryInfo          : NotSpecified: (Traceback (most recent call last)::String) [], RemoteException
    + FullyQualifiedErrorId : NativeCommandError
 
  File "C:\Users\vegar\Documents\GitHub\NpuEmbeddings\experiments\m5-pretiled-gemm\hierarchical_merge_ffn_probe.py", 
line 530, in <module>
    sys.exit(main())
             ~~~~^^
  File "C:\Users\vegar\Documents\GitHub\NpuEmbeddings\experiments\m5-pretiled-gemm\hierarchical_merge_ffn_probe.py", 
line 479, in main
    hierarchical_merge_ffn(A, B, Y)
    ~~~~~~~~~~~~~~~~~~~~~~^^^^^^^^^
  File "C:\dev\mlir-aie\ironenv\Lib\site-packages\mlir_aie\python\aie\utils\callabledesign.py", line 366, in __call__
    return kernel(*tensor_args, **remaining_scalars)
  File "C:\dev\mlir-aie\ironenv\Lib\site-packages\mlir_aie\python\aie\utils\npukernel.py", line 129, in __call__
    return DefaultNPURuntime.load_and_run(
           ~~~~~~~~~~~~~~~~~~~~~~~~~~~~~~^
        self,
        ^^^^^
        list(args),
        ^^^^^^^^^^^
        **kwargs,
        ^^^^^^^^^
    )
    ^
  File "C:\dev\mlir-aie\ironenv\Lib\site-packages\mlir_aie\python\aie\utils\hostruntime\xrtruntime\hostruntime.py", 
line 665, in load_and_run
    handle, ret = super().load_and_run(npu_kernel, run_args, **kwargs)
                  ~~~~~~~~~~~~~~~~~~~~^^^^^^^^^^^^^^^^^^^^^^^^^^^^^^^^
  File "C:\dev\mlir-aie\ironenv\Lib\site-packages\mlir_aie\python\aie\utils\hostruntime\hostruntime.py", line 218, in 
load_and_run
    ret = self.run(handle, list(run_args), trace_config=trace_config)
  File "C:\dev\mlir-aie\ironenv\Lib\site-packages\mlir_aie\python\aie\utils\hostruntime\xrtruntime\hostruntime.py", 
line 639, in run
    return super().run(kernel_handle, args, trace_config, fail_on_error, **kwargs)
           ~~~~~~~~~~~^^^^^^^^^^^^^^^^^^^^^^^^^^^^^^^^^^^^^^^^^^^^^^^^^^^^^^^^^^^^
  File "C:\dev\mlir-aie\ironenv\Lib\site-packages\mlir_aie\python\aie\utils\hostruntime\xrtruntime\hostruntime.py", 
line 355, in run
    raise HostRuntimeError(f"Kernel returned {str(r)}")
aie.utils.hostruntime.hostruntime.HostRuntimeError: Kernel returned ert_cmd_state.ERT_CMD_STATE_TIMEOUT
