  qkv@b4: purged 1 cache candidate(s)
  b4    qkv           [256, 768, 2304] -> 031bc0d6ebec330538115eb7
  attn_out@b4: purged 1 cache candidate(s)
  b4    attn_out       [256, 768, 768] -> c12ebc8a88c8e3bdf817da9c
  ffn_up@b4: purged 1 cache candidate(s)
  b4    ffn_up        [256, 768, 6144] -> f9492e30ab49dcc2a004ee42
  ffn_down@b4: purged 1 cache candidate(s)
  b4    ffn_down      [256, 3072, 768] -> 886a7e98418157f9246928f5
  qkv@b16: purged 1 cache candidate(s)
  b16   qkv          [1024, 768, 2304] -> 3047df35d3dd185caf810fdb
  attn_out@b16: purged 1 cache candidate(s)
  b16   attn_out      [1024, 768, 768] -> 65976648fa02e81af86f7721
  ffn_up@b16: purged 1 cache candidate(s)
  b16   ffn_up       [1024, 768, 6144] -> 41da0b669f608ac9475bccc3
  ffn_down@b16: purged 1 cache candidate(s)
  b16   ffn_down     [1024, 3072, 768] -> 930c4dba90a7f06944dc8a86
  qkv@b32: purged 1 cache candidate(s)
  b32   qkv          [2048, 768, 2304] -> 3d9341562cd418d46c82203d
  attn_out@b32: purged 1 cache candidate(s)
  b32   attn_out      [2048, 768, 768] -> 4996f7fec6c5b175f289c3f9
  ffn_up@b32: purged 1 cache candidate(s)
  b32   ffn_up       [2048, 768, 6144] -> 6d98de6bfdbf5d0241851b43
  ffn_down@b32: purged 1 cache candidate(s)
  b32   ffn_down     [2048, 3072, 768] -> e2be08b06db7da0d7b924857
  qkv@b128: purged 1 cache candidate(s)
  b128  qkv          [8192, 768, 2304] -> 51fcc067a8101a40313fa600
  attn_out@b128: purged 1 cache candidate(s)
  b128  attn_out      [8192, 768, 768] -> f39b112024522603dc90bd1b
  ffn_up@b128: purged 1 cache candidate(s)
  b128  ffn_up       [8192, 768, 6144] -> ecc0cf2b6baa2443a1bd326c
  ffn_down@b128: purged 1 cache candidate(s)
  b128  ffn_down     [8192, 3072, 768] -> 52201e3f6c722b12fffb19bd
  identity qkv@b128 vs qkv@b4    74 differing bytes  OK
  identity qkv@b128 vs attn_out@b4    69 differing bytes  OK
  identity qkv@b128 vs ffn_up@b4    69 differing bytes  OK
  identity qkv@b128 vs ffn_down@b4    69 differing bytes  OK
  identity qkv@b128 vs qkv@b16   67 differing bytes  OK
  identity qkv@b128 vs attn_out@b16   67 differing bytes  OK
  identity qkv@b128 vs ffn_up@b16   74 differing bytes  OK
  identity qkv@b128 vs ffn_down@b16   66 differing bytes  OK
  identity qkv@b128 vs qkv@b32   71 differing bytes  OK
  identity qkv@b128 vs attn_out@b32   68 differing bytes  OK
  identity qkv@b128 vs ffn_up@b32   67 differing bytes  OK
  identity qkv@b128 vs ffn_down@b32   77 differing bytes  OK
  identity qkv@b128 vs attn_out@b128  67 differing bytes  OK
  identity qkv@b128 vs ffn_up@b128  77 differing bytes  OK
  identity qkv@b128 vs ffn_down@b128  72 differing bytes  OK

  wrote runtime\artifacts_nomic_bfp_fp32c\gemm_rtp -- ONE xclbin, 16 streams (4 shapes x 4 batch tiers)
