  task prefix (both sides): 'search_document: '

=== CPU ===
Warning: You are sending unauthenticated requests to the HF Hub. Please set a HF_TOKEN to enable higher rate limits and faster downloads.
<All keys matched successfully>
C:\Users\vegar\Documents\GitHub\NpuEmbeddings\experiments\m8-npu-vs-cpu\run_mteb.py:186: DeprecationWarning: MTEB is deprecated and will be removed in future versions. Please use the `mteb.evaluate` function instead.
  ev = mteb.MTEB(tasks=tasks)
C:\Users\vegar\Documents\GitHub\NpuEmbeddings\.venv-ref\Lib\site-packages\mteb\models\model_meta.py:918: FutureWarning: The `get_sentence_embedding_dimension` method has been renamed to `get_embedding_dimension`.
  embedding_dimensions = model.get_sentence_embedding_dimension()
C:\Users\vegar\Documents\GitHub\NpuEmbeddings\.venv-ref\Lib\site-packages\mteb\models\model_meta.py:880: FutureWarning: The `get_sentence_embedding_dimension` method has been renamed to `get_embedding_dimension`.
  embed_dim=model.get_sentence_embedding_dimension(),
The task 'STSBenchmark' is superseded by 'STSBenchmark.v2'. We recommend using the newer version of the task unless you are running a specific benchmark. See `get_task('STSBenchmark.v2').metadata.description` to get a description of the task and changes.
C:\Users\vegar\Documents\GitHub\NpuEmbeddings\.venv-ref\Lib\site-packages\mteb\deprecated_evaluator.py:456: UserWarning: The task 'STSBenchmark' is superseded by 'STSBenchmark.v2'. We recommend using the newer version of the task unless you are running a specific benchmark. See `get_task('STSBenchmark.v2').metadata.description` to get a description of the task and changes.
  task.check_if_dataset_is_superseded()
[transformers] Detected the usage of `get_extended_attention_mask`: This function is deprecated and will be removed in v5.12.0. Please use the new API in `transformers.masking_utils`
  STSBenchmark                     0.8140   (27.8 s)
C:\Users\vegar\Documents\GitHub\NpuEmbeddings\experiments\m8-npu-vs-cpu\run_mteb.py:186: DeprecationWarning: MTEB is deprecated and will be removed in future versions. Please use the `mteb.evaluate` function instead.
  ev = mteb.MTEB(tasks=tasks)
C:\Users\vegar\Documents\GitHub\NpuEmbeddings\.venv-ref\Lib\site-packages\mteb\models\model_meta.py:918: FutureWarning: The `get_sentence_embedding_dimension` method has been renamed to `get_embedding_dimension`.
  embedding_dimensions = model.get_sentence_embedding_dimension()
C:\Users\vegar\Documents\GitHub\NpuEmbeddings\.venv-ref\Lib\site-packages\mteb\models\model_meta.py:880: FutureWarning: The `get_sentence_embedding_dimension` method has been renamed to `get_embedding_dimension`.
  embed_dim=model.get_sentence_embedding_dimension(),
  SICK-R                           0.7544   (211.8 s)
C:\Users\vegar\Documents\GitHub\NpuEmbeddings\experiments\m8-npu-vs-cpu\run_mteb.py:186: DeprecationWarning: MTEB is deprecated and will be removed in future versions. Please use the `mteb.evaluate` function instead.
  ev = mteb.MTEB(tasks=tasks)
C:\Users\vegar\Documents\GitHub\NpuEmbeddings\.venv-ref\Lib\site-packages\mteb\models\model_meta.py:918: FutureWarning: The `get_sentence_embedding_dimension` method has been renamed to `get_embedding_dimension`.
  embedding_dimensions = model.get_sentence_embedding_dimension()
C:\Users\vegar\Documents\GitHub\NpuEmbeddings\.venv-ref\Lib\site-packages\mteb\models\model_meta.py:880: FutureWarning: The `get_sentence_embedding_dimension` method has been renamed to `get_embedding_dimension`.
  embed_dim=model.get_sentence_embedding_dimension(),
  STS12                            0.7116   (99.0 s)
C:\Users\vegar\Documents\GitHub\NpuEmbeddings\experiments\m8-npu-vs-cpu\run_mteb.py:186: DeprecationWarning: MTEB is deprecated and will be removed in future versions. Please use the `mteb.evaluate` function instead.
  ev = mteb.MTEB(tasks=tasks)
C:\Users\vegar\Documents\GitHub\NpuEmbeddings\.venv-ref\Lib\site-packages\mteb\models\model_meta.py:918: FutureWarning: The `get_sentence_embedding_dimension` method has been renamed to `get_embedding_dimension`.
  embedding_dimensions = model.get_sentence_embedding_dimension()
C:\Users\vegar\Documents\GitHub\NpuEmbeddings\.venv-ref\Lib\site-packages\mteb\models\model_meta.py:880: FutureWarning: The `get_sentence_embedding_dimension` method has been renamed to `get_embedding_dimension`.
  embed_dim=model.get_sentence_embedding_dimension(),
The task 'Banking77Classification' is superseded by 'Banking77Classification.v2'. We recommend using the newer version of the task unless you are running a specific benchmark. See `get_task('Banking77Classification.v2').metadata.description` to get a description of the task and changes.
C:\Users\vegar\Documents\GitHub\NpuEmbeddings\.venv-ref\Lib\site-packages\mteb\deprecated_evaluator.py:456: UserWarning: The task 'Banking77Classification' is superseded by 'Banking77Classification.v2'. We recommend using the newer version of the task unless you are running a specific benchmark. See `get_task('Banking77Classification.v2').metadata.description` to get a description of the task and changes.
  task.check_if_dataset_is_superseded()
  Banking77Classification          0.7923   (130.0 s)
C:\Users\vegar\Documents\GitHub\NpuEmbeddings\experiments\m8-npu-vs-cpu\run_mteb.py:186: DeprecationWarning: MTEB is deprecated and will be removed in future versions. Please use the `mteb.evaluate` function instead.
  ev = mteb.MTEB(tasks=tasks)
C:\Users\vegar\Documents\GitHub\NpuEmbeddings\.venv-ref\Lib\site-packages\mteb\models\model_meta.py:918: FutureWarning: The `get_sentence_embedding_dimension` method has been renamed to `get_embedding_dimension`.
  embedding_dimensions = model.get_sentence_embedding_dimension()
C:\Users\vegar\Documents\GitHub\NpuEmbeddings\.venv-ref\Lib\site-packages\mteb\models\model_meta.py:880: FutureWarning: The `get_sentence_embedding_dimension` method has been renamed to `get_embedding_dimension`.
  embed_dim=model.get_sentence_embedding_dimension(),
The task 'TwentyNewsgroupsClustering' is superseded by 'TwentyNewsgroupsClustering.v2'. We recommend using the newer version of the task unless you are running a specific benchmark. See `get_task('TwentyNewsgroupsClustering.v2').metadata.description` to get a description of the task and changes.
C:\Users\vegar\Documents\GitHub\NpuEmbeddings\.venv-ref\Lib\site-packages\mteb\deprecated_evaluator.py:456: UserWarning: The task 'TwentyNewsgroupsClustering' is superseded by 'TwentyNewsgroupsClustering.v2'. We recommend using the newer version of the task unless you are running a specific benchmark. See `get_task('TwentyNewsgroupsClustering.v2').metadata.description` to get a description of the task and changes.
  task.check_if_dataset_is_superseded()
  TwentyNewsgroupsClustering       0.3896   (750.0 s)

=== NPU ===
[npu_encoder] nomic-embed-text-v1.5: arch=nomic_bert_rope_swiglu positions=rope (runtime-side) prefix='search_document: '
C:\Users\vegar\Documents\GitHub\NpuEmbeddings\experiments\m8-npu-vs-cpu\run_mteb.py:186: DeprecationWarning: MTEB is deprecated and will be removed in future versions. Please use the `mteb.evaluate` function instead.
  ev = mteb.MTEB(tasks=tasks)
The task 'STSBenchmark' is superseded by 'STSBenchmark.v2'. We recommend using the newer version of the task unless you are running a specific benchmark. See `get_task('STSBenchmark.v2').metadata.description` to get a description of the task and changes.
C:\Users\vegar\Documents\GitHub\NpuEmbeddings\.venv-ref\Lib\site-packages\mteb\deprecated_evaluator.py:456: UserWarning: The task 'STSBenchmark' is superseded by 'STSBenchmark.v2'. We recommend using the newer version of the task unless you are running a specific benchmark. See `get_task('STSBenchmark.v2').metadata.description` to get a description of the task and changes.
  task.check_if_dataset_is_superseded()
  STSBenchmark                     0.8149   (25.1 s)
C:\Users\vegar\Documents\GitHub\NpuEmbeddings\experiments\m8-npu-vs-cpu\run_mteb.py:186: DeprecationWarning: MTEB is deprecated and will be removed in future versions. Please use the `mteb.evaluate` function instead.
  ev = mteb.MTEB(tasks=tasks)
  SICK-R                           0.7552   (212.2 s)
C:\Users\vegar\Documents\GitHub\NpuEmbeddings\experiments\m8-npu-vs-cpu\run_mteb.py:186: DeprecationWarning: MTEB is deprecated and will be removed in future versions. Please use the `mteb.evaluate` function instead.
  ev = mteb.MTEB(tasks=tasks)
  STS12                            0.7128   (54.5 s)
C:\Users\vegar\Documents\GitHub\NpuEmbeddings\experiments\m8-npu-vs-cpu\run_mteb.py:186: DeprecationWarning: MTEB is deprecated and will be removed in future versions. Please use the `mteb.evaluate` function instead.
  ev = mteb.MTEB(tasks=tasks)
The task 'Banking77Classification' is superseded by 'Banking77Classification.v2'. We recommend using the newer version of the task unless you are running a specific benchmark. See `get_task('Banking77Classification.v2').metadata.description` to get a description of the task and changes.
C:\Users\vegar\Documents\GitHub\NpuEmbeddings\.venv-ref\Lib\site-packages\mteb\deprecated_evaluator.py:456: UserWarning: The task 'Banking77Classification' is superseded by 'Banking77Classification.v2'. We recommend using the newer version of the task unless you are running a specific benchmark. See `get_task('Banking77Classification.v2').metadata.description` to get a description of the task and changes.
  task.check_if_dataset_is_superseded()
  Banking77Classification          0.7927   (78.1 s)
C:\Users\vegar\Documents\GitHub\NpuEmbeddings\experiments\m8-npu-vs-cpu\run_mteb.py:186: DeprecationWarning: MTEB is deprecated and will be removed in future versions. Please use the `mteb.evaluate` function instead.
  ev = mteb.MTEB(tasks=tasks)
The task 'TwentyNewsgroupsClustering' is superseded by 'TwentyNewsgroupsClustering.v2'. We recommend using the newer version of the task unless you are running a specific benchmark. See `get_task('TwentyNewsgroupsClustering.v2').metadata.description` to get a description of the task and changes.
C:\Users\vegar\Documents\GitHub\NpuEmbeddings\.venv-ref\Lib\site-packages\mteb\deprecated_evaluator.py:456: UserWarning: The task 'TwentyNewsgroupsClustering' is superseded by 'TwentyNewsgroupsClustering.v2'. We recommend using the newer version of the task unless you are running a specific benchmark. See `get_task('TwentyNewsgroupsClustering.v2').metadata.description` to get a description of the task and changes.
  task.check_if_dataset_is_superseded()
  TwentyNewsgroupsClustering       0.3871   (476.4 s)

================ M8 GATE ================
  task                                  CPU      NPU    delta
  STSBenchmark                        81.40    81.49    +0.10
  SICK-R                              75.44    75.52    +0.07
  STS12                               71.16    71.28    +0.12
  Banking77Classification             79.23    79.27    +0.04
  TwentyNewsgroupsClustering          38.96    38.71    -0.25
  MEAN                                                  +0.01
  worst single task: -0.25 points

PASS -- gate is |mean| <= 0.5 points AND no task worse than -0.5
wrote tasks\0103-t23-bfp16-all-models\mteb_nomic_bfp_cbf16.json
