
=== CPU ===
Loading weights:   0%|          | 0/391 [00:00<?, ?it/s]Loading weights: 100%|##########| 391/391 [00:00<00:00, 18705.78it/s]
C:\Users\vegar\Documents\GitHub\NpuEmbeddings\experiments\m8-npu-vs-cpu\run_mteb.py:186: DeprecationWarning: MTEB is deprecated and will be removed in future versions. Please use the `mteb.evaluate` function instead.
  ev = mteb.MTEB(tasks=tasks)
C:\Users\vegar\Documents\GitHub\NpuEmbeddings\.venv-ref\Lib\site-packages\mteb\models\model_meta.py:918: FutureWarning: The `get_sentence_embedding_dimension` method has been renamed to `get_embedding_dimension`.
  embedding_dimensions = model.get_sentence_embedding_dimension()
C:\Users\vegar\Documents\GitHub\NpuEmbeddings\.venv-ref\Lib\site-packages\mteb\models\model_meta.py:880: FutureWarning: The `get_sentence_embedding_dimension` method has been renamed to `get_embedding_dimension`.
  embed_dim=model.get_sentence_embedding_dimension(),
The task 'STSBenchmark' is superseded by 'STSBenchmark.v2'. We recommend using the newer version of the task unless you are running a specific benchmark. See `get_task('STSBenchmark.v2').metadata.description` to get a description of the task and changes.
C:\Users\vegar\Documents\GitHub\NpuEmbeddings\.venv-ref\Lib\site-packages\mteb\deprecated_evaluator.py:456: UserWarning: The task 'STSBenchmark' is superseded by 'STSBenchmark.v2'. We recommend using the newer version of the task unless you are running a specific benchmark. See `get_task('STSBenchmark.v2').metadata.description` to get a description of the task and changes.
  task.check_if_dataset_is_superseded()
Warning: You are sending unauthenticated requests to the HF Hub. Please set a HF_TOKEN to enable higher rate limits and faster downloads.
  STSBenchmark                     0.8752   (52.0 s)
C:\Users\vegar\Documents\GitHub\NpuEmbeddings\experiments\m8-npu-vs-cpu\run_mteb.py:186: DeprecationWarning: MTEB is deprecated and will be removed in future versions. Please use the `mteb.evaluate` function instead.
  ev = mteb.MTEB(tasks=tasks)
C:\Users\vegar\Documents\GitHub\NpuEmbeddings\.venv-ref\Lib\site-packages\mteb\models\model_meta.py:918: FutureWarning: The `get_sentence_embedding_dimension` method has been renamed to `get_embedding_dimension`.
  embedding_dimensions = model.get_sentence_embedding_dimension()
C:\Users\vegar\Documents\GitHub\NpuEmbeddings\.venv-ref\Lib\site-packages\mteb\models\model_meta.py:880: FutureWarning: The `get_sentence_embedding_dimension` method has been renamed to `get_embedding_dimension`.
  embed_dim=model.get_sentence_embedding_dimension(),
  SICK-R                           0.8168   (274.6 s)
C:\Users\vegar\Documents\GitHub\NpuEmbeddings\experiments\m8-npu-vs-cpu\run_mteb.py:186: DeprecationWarning: MTEB is deprecated and will be removed in future versions. Please use the `mteb.evaluate` function instead.
  ev = mteb.MTEB(tasks=tasks)
C:\Users\vegar\Documents\GitHub\NpuEmbeddings\.venv-ref\Lib\site-packages\mteb\models\model_meta.py:918: FutureWarning: The `get_sentence_embedding_dimension` method has been renamed to `get_embedding_dimension`.
  embedding_dimensions = model.get_sentence_embedding_dimension()
C:\Users\vegar\Documents\GitHub\NpuEmbeddings\.venv-ref\Lib\site-packages\mteb\models\model_meta.py:880: FutureWarning: The `get_sentence_embedding_dimension` method has been renamed to `get_embedding_dimension`.
  embed_dim=model.get_sentence_embedding_dimension(),
  STS12                            0.7905   (124.3 s)
C:\Users\vegar\Documents\GitHub\NpuEmbeddings\experiments\m8-npu-vs-cpu\run_mteb.py:186: DeprecationWarning: MTEB is deprecated and will be removed in future versions. Please use the `mteb.evaluate` function instead.
  ev = mteb.MTEB(tasks=tasks)
C:\Users\vegar\Documents\GitHub\NpuEmbeddings\.venv-ref\Lib\site-packages\mteb\models\model_meta.py:918: FutureWarning: The `get_sentence_embedding_dimension` method has been renamed to `get_embedding_dimension`.
  embedding_dimensions = model.get_sentence_embedding_dimension()
C:\Users\vegar\Documents\GitHub\NpuEmbeddings\.venv-ref\Lib\site-packages\mteb\models\model_meta.py:880: FutureWarning: The `get_sentence_embedding_dimension` method has been renamed to `get_embedding_dimension`.
  embed_dim=model.get_sentence_embedding_dimension(),
The task 'Banking77Classification' is superseded by 'Banking77Classification.v2'. We recommend using the newer version of the task unless you are running a specific benchmark. See `get_task('Banking77Classification.v2').metadata.description` to get a description of the task and changes.
C:\Users\vegar\Documents\GitHub\NpuEmbeddings\.venv-ref\Lib\site-packages\mteb\deprecated_evaluator.py:456: UserWarning: The task 'Banking77Classification' is superseded by 'Banking77Classification.v2'. We recommend using the newer version of the task unless you are running a specific benchmark. See `get_task('Banking77Classification.v2').metadata.description` to get a description of the task and changes.
  task.check_if_dataset_is_superseded()
  Banking77Classification          0.8482   (149.5 s)
C:\Users\vegar\Documents\GitHub\NpuEmbeddings\experiments\m8-npu-vs-cpu\run_mteb.py:186: DeprecationWarning: MTEB is deprecated and will be removed in future versions. Please use the `mteb.evaluate` function instead.
  ev = mteb.MTEB(tasks=tasks)
C:\Users\vegar\Documents\GitHub\NpuEmbeddings\.venv-ref\Lib\site-packages\mteb\models\model_meta.py:918: FutureWarning: The `get_sentence_embedding_dimension` method has been renamed to `get_embedding_dimension`.
  embedding_dimensions = model.get_sentence_embedding_dimension()
C:\Users\vegar\Documents\GitHub\NpuEmbeddings\.venv-ref\Lib\site-packages\mteb\models\model_meta.py:880: FutureWarning: The `get_sentence_embedding_dimension` method has been renamed to `get_embedding_dimension`.
  embed_dim=model.get_sentence_embedding_dimension(),
The task 'TwentyNewsgroupsClustering' is superseded by 'TwentyNewsgroupsClustering.v2'. We recommend using the newer version of the task unless you are running a specific benchmark. See `get_task('TwentyNewsgroupsClustering.v2').metadata.description` to get a description of the task and changes.
C:\Users\vegar\Documents\GitHub\NpuEmbeddings\.venv-ref\Lib\site-packages\mteb\deprecated_evaluator.py:456: UserWarning: The task 'TwentyNewsgroupsClustering' is superseded by 'TwentyNewsgroupsClustering.v2'. We recommend using the newer version of the task unless you are running a specific benchmark. See `get_task('TwentyNewsgroupsClustering.v2').metadata.description` to get a description of the task and changes.
  task.check_if_dataset_is_superseded()
  TwentyNewsgroupsClustering       0.5110   (940.7 s)

=== NPU ===
C:\Users\vegar\Documents\GitHub\NpuEmbeddings\experiments\m8-npu-vs-cpu\run_mteb.py:186: DeprecationWarning: MTEB is deprecated and will be removed in future versions. Please use the `mteb.evaluate` function instead.
  ev = mteb.MTEB(tasks=tasks)
The task 'STSBenchmark' is superseded by 'STSBenchmark.v2'. We recommend using the newer version of the task unless you are running a specific benchmark. See `get_task('STSBenchmark.v2').metadata.description` to get a description of the task and changes.
C:\Users\vegar\Documents\GitHub\NpuEmbeddings\.venv-ref\Lib\site-packages\mteb\deprecated_evaluator.py:456: UserWarning: The task 'STSBenchmark' is superseded by 'STSBenchmark.v2'. We recommend using the newer version of the task unless you are running a specific benchmark. See `get_task('STSBenchmark.v2').metadata.description` to get a description of the task and changes.
  task.check_if_dataset_is_superseded()
  STSBenchmark                     0.8753   (48.7 s)
C:\Users\vegar\Documents\GitHub\NpuEmbeddings\experiments\m8-npu-vs-cpu\run_mteb.py:186: DeprecationWarning: MTEB is deprecated and will be removed in future versions. Please use the `mteb.evaluate` function instead.
  ev = mteb.MTEB(tasks=tasks)
  SICK-R                           0.8170   (329.6 s)
C:\Users\vegar\Documents\GitHub\NpuEmbeddings\experiments\m8-npu-vs-cpu\run_mteb.py:186: DeprecationWarning: MTEB is deprecated and will be removed in future versions. Please use the `mteb.evaluate` function instead.
  ev = mteb.MTEB(tasks=tasks)
  STS12                            0.7904   (107.1 s)
C:\Users\vegar\Documents\GitHub\NpuEmbeddings\experiments\m8-npu-vs-cpu\run_mteb.py:186: DeprecationWarning: MTEB is deprecated and will be removed in future versions. Please use the `mteb.evaluate` function instead.
  ev = mteb.MTEB(tasks=tasks)
The task 'Banking77Classification' is superseded by 'Banking77Classification.v2'. We recommend using the newer version of the task unless you are running a specific benchmark. See `get_task('Banking77Classification.v2').metadata.description` to get a description of the task and changes.
C:\Users\vegar\Documents\GitHub\NpuEmbeddings\.venv-ref\Lib\site-packages\mteb\deprecated_evaluator.py:456: UserWarning: The task 'Banking77Classification' is superseded by 'Banking77Classification.v2'. We recommend using the newer version of the task unless you are running a specific benchmark. See `get_task('Banking77Classification.v2').metadata.description` to get a description of the task and changes.
  task.check_if_dataset_is_superseded()
  Banking77Classification          0.8481   (144.5 s)
C:\Users\vegar\Documents\GitHub\NpuEmbeddings\experiments\m8-npu-vs-cpu\run_mteb.py:186: DeprecationWarning: MTEB is deprecated and will be removed in future versions. Please use the `mteb.evaluate` function instead.
  ev = mteb.MTEB(tasks=tasks)
The task 'TwentyNewsgroupsClustering' is superseded by 'TwentyNewsgroupsClustering.v2'. We recommend using the newer version of the task unless you are running a specific benchmark. See `get_task('TwentyNewsgroupsClustering.v2').metadata.description` to get a description of the task and changes.
C:\Users\vegar\Documents\GitHub\NpuEmbeddings\.venv-ref\Lib\site-packages\mteb\deprecated_evaluator.py:456: UserWarning: The task 'TwentyNewsgroupsClustering' is superseded by 'TwentyNewsgroupsClustering.v2'. We recommend using the newer version of the task unless you are running a specific benchmark. See `get_task('TwentyNewsgroupsClustering.v2').metadata.description` to get a description of the task and changes.
  task.check_if_dataset_is_superseded()
  TwentyNewsgroupsClustering       0.5172   (994.2 s)

================ M8 GATE ================
  task                                  CPU      NPU    delta
  STSBenchmark                        87.52    87.53    +0.01
  SICK-R                              81.68    81.70    +0.02
  STS12                               79.05    79.04    -0.01
  Banking77Classification             84.82    84.81    -0.00
  TwentyNewsgroupsClustering          51.10    51.72    +0.62
  MEAN                                                  +0.13
  worst single task: -0.01 points

PASS -- gate is |mean| <= 0.5 points AND no task worse than -0.5
wrote tasks\0103-t23-bfp16-all-models\mteb_large_bfp_cbf16.json
